Flow report for leon3mp_quartus
Fri Sep 14 13:40:15 2018
Quartus Prime Version 17.0.0 Build 595 04/25/2017 SJ Standard Edition


---------------------
; Table of Contents ;
---------------------
  1. Legal Notice
  2. Flow Summary
  3. Flow Settings
  4. Flow Non-Default Global Settings
  5. Flow Elapsed Time
  6. Flow OS Summary
  7. Flow Log
  8. Flow Messages
  9. Flow Suppressed Messages



----------------
; Legal Notice ;
----------------
Copyright (C) 2017  Intel Corporation. All rights reserved.
Your use of Intel Corporation's design tools, logic functions 
and other software and tools, and its AMPP partner logic 
functions, and any output files from any of the foregoing 
(including device programming or simulation files), and any 
associated documentation or information are expressly subject 
to the terms and conditions of the Intel Program License 
Subscription Agreement, the Intel Quartus Prime License Agreement,
the Intel MegaCore Function License Agreement, or other 
applicable license agreement, including, without limitation, 
that your use is for the sole purpose of programming logic 
devices manufactured by Intel and sold by Intel or its 
authorized distributors.  Please refer to the applicable 
agreement for further details.



+--------------------------------------------------------------------------------------+
; Flow Summary                                                                         ;
+------------------------------------+-------------------------------------------------+
; Flow Status                        ; Successful - Fri Sep 14 13:39:57 2018           ;
; Quartus Prime Version              ; 17.0.0 Build 595 04/25/2017 SJ Standard Edition ;
; Revision Name                      ; leon3mp_quartus                                 ;
; Top-level Entity Name              ; leon3mp                                         ;
; Family                             ; Cyclone IV E                                    ;
; Device                             ; EP4CE115F29C7                                   ;
; Timing Models                      ; Final                                           ;
; Total logic elements               ; 41,387 / 114,480 ( 36 % )                       ;
;     Total combinational functions  ; 40,342 / 114,480 ( 35 % )                       ;
;     Dedicated logic registers      ; 10,606 / 114,480 ( 9 % )                        ;
; Total registers                    ; 10606                                           ;
; Total pins                         ; 31 / 529 ( 6 % )                                ;
; Total virtual pins                 ; 0                                               ;
; Total memory bits                  ; 1,095,488 / 3,981,312 ( 28 % )                  ;
; Embedded Multiplier 9-bit elements ; 0 / 532 ( 0 % )                                 ;
; Total PLLs                         ; 0 / 4 ( 0 % )                                   ;
+------------------------------------+-------------------------------------------------+


+-----------------------------------------+
; Flow Settings                           ;
+-------------------+---------------------+
; Option            ; Setting             ;
+-------------------+---------------------+
; Start date & time ; 09/13/2018 22:08:58 ;
; Main task         ; Compilation         ;
; Revision Name     ; leon3mp_quartus     ;
+-------------------+---------------------+


+-----------------------------------------------------------------------------------------------------------------------------------------+
; Flow Non-Default Global Settings                                                                                                        ;
+---------------------------------------------------+----------------------------------------+-----------------+-------------+------------+
; Assignment Name                                   ; Value                                  ; Default Value   ; Entity Name ; Section Id ;
+---------------------------------------------------+----------------------------------------+-----------------+-------------+------------+
; COMPILER_SIGNATURE_ID                             ; 4820888981638.153689093739242          ; --              ; --          ; --         ;
; FLOW_ENABLE_IO_ASSIGNMENT_ANALYSIS                ; On                                     ; Off             ; --          ; --         ;
; MAX_CORE_JUNCTION_TEMP                            ; 85                                     ; --              ; --          ; --         ;
; MIN_CORE_JUNCTION_TEMP                            ; 0                                      ; --              ; --          ; --         ;
; NUM_PARALLEL_PROCESSORS                           ; 4                                      ; --              ; --          ; --         ;
; PARTITION_COLOR                                   ; -- (Not supported for targeted family) ; --              ; leon3mp     ; Top        ;
; PARTITION_FITTER_PRESERVATION_LEVEL               ; -- (Not supported for targeted family) ; --              ; leon3mp     ; Top        ;
; PARTITION_NETLIST_TYPE                            ; -- (Not supported for targeted family) ; --              ; leon3mp     ; Top        ;
; PHYSICAL_SYNTHESIS_ASYNCHRONOUS_SIGNAL_PIPELINING ; On                                     ; Off             ; --          ; --         ;
; PHYSICAL_SYNTHESIS_COMBO_LOGIC                    ; On                                     ; Off             ; --          ; --         ;
; PHYSICAL_SYNTHESIS_REGISTER_DUPLICATION           ; On                                     ; Off             ; --          ; --         ;
; PHYSICAL_SYNTHESIS_REGISTER_RETIMING              ; On                                     ; Off             ; --          ; --         ;
; POWER_BOARD_THERMAL_MODEL                         ; None (CONSERVATIVE)                    ; --              ; --          ; --         ;
; POWER_PRESET_COOLING_SOLUTION                     ; 23 MM HEAT SINK WITH 200 LFPM AIRFLOW  ; --              ; --          ; --         ;
; SMART_RECOMPILE                                   ; On                                     ; Off             ; --          ; --         ;
; TOP_LEVEL_ENTITY                                  ; leon3mp                                ; leon3mp_quartus ; --          ; --         ;
+---------------------------------------------------+----------------------------------------+-----------------+-------------+------------+


+-------------------------------------------------------------------------------------------------------------------------------+
; Flow Elapsed Time                                                                                                             ;
+---------------------------+--------------+-------------------------+---------------------+------------------------------------+
; Module Name               ; Elapsed Time ; Average Processors Used ; Peak Virtual Memory ; Total CPU Time (on all processors) ;
+---------------------------+--------------+-------------------------+---------------------+------------------------------------+
; Analysis & Synthesis      ; 00:05:22     ; 1.9                     ; 1332 MB             ; 00:06:20                           ;
; Partition Merge           ; 00:00:14     ; 1.0                     ; 1249 MB             ; 00:00:04                           ;
; Fitter                    ; 00:03:50     ; 1.2                     ; 1944 MB             ; 00:07:09                           ;
; Assembler                 ; 00:00:17     ; 1.0                     ; 935 MB              ; 00:00:08                           ;
; TimeQuest Timing Analyzer ; 00:00:26     ; 1.7                     ; 1363 MB             ; 00:00:24                           ;
; Analysis & Synthesis      ; 00:05:14     ; 1.0                     ; 1568 MB             ; 00:06:19                           ;
; Partition Merge           ; 00:00:03     ; 1.0                     ; 1274 MB             ; 00:00:04                           ;
; I/O Assignment Analysis   ; 00:00:23     ; 1.0                     ; 1451 MB             ; 00:00:23                           ;
; Fitter                    ; 00:00:32     ; 1.0                     ; 1166 MB             ; 00:00:32                           ;
; Fitter                    ; 00:00:34     ; 1.0                     ; 1166 MB             ; 00:00:34                           ;
; Fitter                    ; 00:00:32     ; 1.0                     ; 1167 MB             ; 00:00:32                           ;
; Fitter                    ; 00:00:33     ; 1.0                     ; 1170 MB             ; 00:00:33                           ;
; Fitter                    ; 00:03:43     ; 1.2                     ; 2002 MB             ; 00:07:06                           ;
; Assembler                 ; 00:00:07     ; 1.0                     ; 944 MB              ; 00:00:07                           ;
; TimeQuest Timing Analyzer ; 00:00:15     ; 1.7                     ; 1340 MB             ; 00:00:23                           ;
; Fitter                    ; 00:03:45     ; 1.2                     ; 2004 MB             ; 00:07:13                           ;
; Assembler                 ; 00:00:07     ; 1.0                     ; 943 MB              ; 00:00:07                           ;
; TimeQuest Timing Analyzer ; 00:00:17     ; 1.7                     ; 1341 MB             ; 00:00:25                           ;
; Fitter                    ; 00:03:54     ; 1.2                     ; 2000 MB             ; 00:07:42                           ;
; Assembler                 ; 00:00:08     ; 1.0                     ; 944 MB              ; 00:00:08                           ;
; TimeQuest Timing Analyzer ; 00:00:16     ; 1.7                     ; 1344 MB             ; 00:00:25                           ;
; Total                     ; 00:30:32     ; --                      ; --                  ; 00:46:38                           ;
+---------------------------+--------------+-------------------------+---------------------+------------------------------------+


+-------------------------------------------------------------------------------------------+
; Flow OS Summary                                                                           ;
+---------------------------+------------------+--------------+------------+----------------+
; Module Name               ; Machine Hostname ; OS Name      ; OS Version ; Processor type ;
+---------------------------+------------------+--------------+------------+----------------+
; Analysis & Synthesis      ; keccak           ; Ubuntu 15.10 ; 15         ; x86_64         ;
; Partition Merge           ; keccak           ; Ubuntu 15.10 ; 15         ; x86_64         ;
; Fitter                    ; keccak           ; Ubuntu 15.10 ; 15         ; x86_64         ;
; Assembler                 ; keccak           ; Ubuntu 15.10 ; 15         ; x86_64         ;
; TimeQuest Timing Analyzer ; keccak           ; Ubuntu 15.10 ; 15         ; x86_64         ;
; Analysis & Synthesis      ; keccak           ; Ubuntu 15.10 ; 15         ; x86_64         ;
; Partition Merge           ; keccak           ; Ubuntu 15.10 ; 15         ; x86_64         ;
; I/O Assignment Analysis   ; keccak           ; Ubuntu 15.10 ; 15         ; x86_64         ;
; Fitter                    ; keccak           ; Ubuntu 15.10 ; 15         ; x86_64         ;
; Fitter                    ; keccak           ; Ubuntu 15.10 ; 15         ; x86_64         ;
; Fitter                    ; keccak           ; Ubuntu 15.10 ; 15         ; x86_64         ;
; Fitter                    ; keccak           ; Ubuntu 15.10 ; 15         ; x86_64         ;
; Fitter                    ; keccak           ; Ubuntu 15.10 ; 15         ; x86_64         ;
; Assembler                 ; keccak           ; Ubuntu 15.10 ; 15         ; x86_64         ;
; TimeQuest Timing Analyzer ; keccak           ; Ubuntu 15.10 ; 15         ; x86_64         ;
; Fitter                    ; keccak           ; Ubuntu 15.10 ; 15         ; x86_64         ;
; Assembler                 ; keccak           ; Ubuntu 15.10 ; 15         ; x86_64         ;
; TimeQuest Timing Analyzer ; keccak           ; Ubuntu 15.10 ; 15         ; x86_64         ;
; Fitter                    ; keccak           ; Ubuntu 15.10 ; 15         ; x86_64         ;
; Assembler                 ; keccak           ; Ubuntu 15.10 ; 15         ; x86_64         ;
; TimeQuest Timing Analyzer ; keccak           ; Ubuntu 15.10 ; 15         ; x86_64         ;
+---------------------------+------------------+--------------+------------+----------------+


------------
; Flow Log ;
------------
quartus_map --read_settings_files=on --write_settings_files=off leon3mp_quartus -c leon3mp_quartus
quartus_cdb --merge=on leon3mp_quartus
quartus_fit --read_settings_files=off --write_settings_files=off leon3mp_quartus -c leon3mp_quartus
quartus_asm --read_settings_files=off --write_settings_files=off leon3mp_quartus -c leon3mp_quartus
quartus_sta leon3mp_quartus
quartus_map --read_settings_files=on --write_settings_files=off leon3mp_quartus -c leon3mp_quartus
quartus_cdb --read_settings_files=off --write_settings_files=off leon3mp_quartus -c leon3mp_quartus --merge=on
quartus_fit --read_settings_files=off --write_settings_files=off leon3mp_quartus -c leon3mp_quartus --plan
quartus_fit --read_settings_files=on --write_settings_files=off leon3mp_quartus -c leon3mp_quartus
quartus_fit --read_settings_files=on --write_settings_files=off leon3mp_quartus -c leon3mp_quartus
quartus_fit --read_settings_files=on --write_settings_files=off leon3mp_quartus -c leon3mp_quartus
quartus_fit --read_settings_files=on --write_settings_files=off leon3mp_quartus -c leon3mp_quartus
quartus_fit --read_settings_files=on --write_settings_files=off leon3mp_quartus -c leon3mp_quartus
quartus_asm --read_settings_files=off --write_settings_files=off leon3mp_quartus -c leon3mp_quartus
quartus_sta leon3mp_quartus -c leon3mp_quartus
quartus_fit --read_settings_files=on --write_settings_files=off leon3mp_quartus -c leon3mp_quartus
quartus_asm --read_settings_files=off --write_settings_files=off leon3mp_quartus -c leon3mp_quartus
quartus_sta leon3mp_quartus -c leon3mp_quartus
quartus_fit --read_settings_files=on --write_settings_files=off leon3mp_quartus -c leon3mp_quartus
quartus_asm --read_settings_files=off --write_settings_files=off leon3mp_quartus -c leon3mp_quartus
quartus_sta leon3mp_quartus -c leon3mp_quartus



