Flow report for leon3mp_quartus
Fri Sep 14 13:30:45 2018
Quartus Prime Version 17.0.0 Build 595 04/25/2017 SJ Standard Edition


---------------------
; Table of Contents ;
---------------------
  1. Legal Notice
  2. Flow Summary
  3. Flow Settings
  4. Flow Non-Default Global Settings
  5. Flow Elapsed Time
  6. Flow OS Summary
  7. Flow Log
  8. Flow Messages
  9. Flow Suppressed Messages



----------------
; Legal Notice ;
----------------
Copyright (C) 2017  Intel Corporation. All rights reserved.
Your use of Intel Corporation's design tools, logic functions 
and other software and tools, and its AMPP partner logic 
functions, and any output files from any of the foregoing 
(including device programming or simulation files), and any 
associated documentation or information are expressly subject 
to the terms and conditions of the Intel Program License 
Subscription Agreement, the Intel Quartus Prime License Agreement,
the Intel MegaCore Function License Agreement, or other 
applicable license agreement, including, without limitation, 
that your use is for the sole purpose of programming logic 
devices manufactured by Intel and sold by Intel or its 
authorized distributors.  Please refer to the applicable 
agreement for further details.



+-----------------------------------------------------------------------------------+
; Flow Summary                                                                      ;
+---------------------------------+-------------------------------------------------+
; Flow Status                     ; Successful - Fri Sep 14 13:30:05 2018           ;
; Quartus Prime Version           ; 17.0.0 Build 595 04/25/2017 SJ Standard Edition ;
; Revision Name                   ; leon3mp_quartus                                 ;
; Top-level Entity Name           ; leon3mp                                         ;
; Family                          ; Cyclone V                                       ;
; Device                          ; 5CSEMA5F31C6                                    ;
; Timing Models                   ; Final                                           ;
; Logic utilization (in ALMs)     ; 12,600 / 32,070 ( 39 % )                        ;
; Total registers                 ; 10901                                           ;
; Total pins                      ; 31 / 457 ( 7 % )                                ;
; Total virtual pins              ; 0                                               ;
; Total block memory bits         ; 1,096,000 / 4,065,280 ( 27 % )                  ;
; Total PLLs                      ; 0 / 6 ( 0 % )                                   ;
; Total DLLs                      ; 0 / 4 ( 0 % )                                   ;
; Total DSP Blocks                ; 0 / 87 ( 0 % )                                  ;
; Total HSSI RX PCSs              ; 0                                               ;
; Total HSSI PMA RX Deserializers ; 0                                               ;
; Total HSSI TX PCSs              ; 0                                               ;
; Total HSSI PMA TX Serializers   ; 0                                               ;
+---------------------------------+-------------------------------------------------+


+-----------------------------------------+
; Flow Settings                           ;
+-------------------+---------------------+
; Option            ; Setting             ;
+-------------------+---------------------+
; Start date & time ; 09/14/2018 00:37:31 ;
; Main task         ; Compilation         ;
; Revision Name     ; leon3mp_quartus     ;
+-------------------+---------------------+


+-----------------------------------------------------------------------------------------------------------------------------------------+
; Flow Non-Default Global Settings                                                                                                        ;
+---------------------------------------------------+----------------------------------------+-----------------+-------------+------------+
; Assignment Name                                   ; Value                                  ; Default Value   ; Entity Name ; Section Id ;
+---------------------------------------------------+----------------------------------------+-----------------+-------------+------------+
; COMPILER_SIGNATURE_ID                             ; 4820888981638.153689985143370          ; --              ; --          ; --         ;
; FLOW_ENABLE_IO_ASSIGNMENT_ANALYSIS                ; On                                     ; Off             ; --          ; --         ;
; MAX_CORE_JUNCTION_TEMP                            ; 85                                     ; --              ; --          ; --         ;
; MIN_CORE_JUNCTION_TEMP                            ; 0                                      ; --              ; --          ; --         ;
; NUM_PARALLEL_PROCESSORS                           ; 4                                      ; --              ; --          ; --         ;
; PARTITION_COLOR                                   ; -- (Not supported for targeted family) ; --              ; leon3mp     ; Top        ;
; PARTITION_FITTER_PRESERVATION_LEVEL               ; -- (Not supported for targeted family) ; --              ; leon3mp     ; Top        ;
; PARTITION_NETLIST_TYPE                            ; -- (Not supported for targeted family) ; --              ; leon3mp     ; Top        ;
; PHYSICAL_SYNTHESIS_ASYNCHRONOUS_SIGNAL_PIPELINING ; On                                     ; Off             ; --          ; --         ;
; PHYSICAL_SYNTHESIS_COMBO_LOGIC                    ; On                                     ; Off             ; --          ; --         ;
; PHYSICAL_SYNTHESIS_REGISTER_DUPLICATION           ; On                                     ; Off             ; --          ; --         ;
; PHYSICAL_SYNTHESIS_REGISTER_RETIMING              ; On                                     ; Off             ; --          ; --         ;
; POWER_BOARD_THERMAL_MODEL                         ; None (CONSERVATIVE)                    ; --              ; --          ; --         ;
; POWER_PRESET_COOLING_SOLUTION                     ; 23 MM HEAT SINK WITH 200 LFPM AIRFLOW  ; --              ; --          ; --         ;
; SMART_RECOMPILE                                   ; On                                     ; Off             ; --          ; --         ;
; TOP_LEVEL_ENTITY                                  ; leon3mp                                ; leon3mp_quartus ; --          ; --         ;
+---------------------------------------------------+----------------------------------------+-----------------+-------------+------------+


+-------------------------------------------------------------------------------------------------------------------------------+
; Flow Elapsed Time                                                                                                             ;
+---------------------------+--------------+-------------------------+---------------------+------------------------------------+
; Module Name               ; Elapsed Time ; Average Processors Used ; Peak Virtual Memory ; Total CPU Time (on all processors) ;
+---------------------------+--------------+-------------------------+---------------------+------------------------------------+
; Analysis & Synthesis      ; 00:05:40     ; 1.9                     ; 1329 MB             ; 00:06:43                           ;
; Partition Merge           ; 00:00:15     ; 1.0                     ; 1252 MB             ; 00:00:04                           ;
; Fitter                    ; 00:02:29     ; 1.1                     ; 1909 MB             ; 00:03:49                           ;
; Assembler                 ; 00:00:18     ; 1.0                     ; 941 MB              ; 00:00:07                           ;
; TimeQuest Timing Analyzer ; 00:00:23     ; 1.4                     ; 1311 MB             ; 00:00:17                           ;
; Analysis & Synthesis      ; 00:00:13     ; 1.0                     ; 1127 MB             ; 00:00:46                           ;
; Analysis & Synthesis      ; 00:01:24     ; 1.3                     ; 1489 MB             ; 00:02:46                           ;
; Partition Merge           ; 00:00:03     ; 1.0                     ; 1309 MB             ; 00:00:03                           ;
; I/O Assignment Analysis   ; 00:00:16     ; 1.0                     ; 1503 MB             ; 00:00:16                           ;
; Fitter                    ; 00:04:27     ; 1.3                     ; 2676 MB             ; 00:10:28                           ;
; Assembler                 ; 00:00:17     ; 1.0                     ; 1167 MB             ; 00:00:17                           ;
; TimeQuest Timing Analyzer ; 00:00:39     ; 2.4                     ; 1556 MB             ; 00:01:30                           ;
; Analysis & Synthesis      ; 00:00:41     ; 1.0                     ; 1444 MB             ; 00:01:44                           ;
; Partition Merge           ; 00:00:03     ; 1.0                     ; 1301 MB             ; 00:00:03                           ;
; I/O Assignment Analysis   ; 00:00:29     ; 1.0                     ; 1748 MB             ; 00:00:28                           ;
; Fitter                    ; 00:06:20     ; 1.3                     ; 2604 MB             ; 00:14:54                           ;
; Assembler                 ; 00:00:17     ; 1.0                     ; 1173 MB             ; 00:00:16                           ;
; TimeQuest Timing Analyzer ; 00:00:38     ; 2.9                     ; 1591 MB             ; 00:01:46                           ;
; Total                     ; 00:24:52     ; --                      ; --                  ; 00:46:17                           ;
+---------------------------+--------------+-------------------------+---------------------+------------------------------------+


+-------------------------------------------------------------------------------------------+
; Flow OS Summary                                                                           ;
+---------------------------+------------------+--------------+------------+----------------+
; Module Name               ; Machine Hostname ; OS Name      ; OS Version ; Processor type ;
+---------------------------+------------------+--------------+------------+----------------+
; Analysis & Synthesis      ; keccak           ; Ubuntu 15.10 ; 15         ; x86_64         ;
; Partition Merge           ; keccak           ; Ubuntu 15.10 ; 15         ; x86_64         ;
; Fitter                    ; keccak           ; Ubuntu 15.10 ; 15         ; x86_64         ;
; Assembler                 ; keccak           ; Ubuntu 15.10 ; 15         ; x86_64         ;
; TimeQuest Timing Analyzer ; keccak           ; Ubuntu 15.10 ; 15         ; x86_64         ;
; Analysis & Synthesis      ; keccak           ; Ubuntu 15.10 ; 15         ; x86_64         ;
; Analysis & Synthesis      ; keccak           ; Ubuntu 15.10 ; 15         ; x86_64         ;
; Partition Merge           ; keccak           ; Ubuntu 15.10 ; 15         ; x86_64         ;
; I/O Assignment Analysis   ; keccak           ; Ubuntu 15.10 ; 15         ; x86_64         ;
; Fitter                    ; keccak           ; Ubuntu 15.10 ; 15         ; x86_64         ;
; Assembler                 ; keccak           ; Ubuntu 15.10 ; 15         ; x86_64         ;
; TimeQuest Timing Analyzer ; keccak           ; Ubuntu 15.10 ; 15         ; x86_64         ;
; Analysis & Synthesis      ; keccak           ; Ubuntu 15.10 ; 15         ; x86_64         ;
; Partition Merge           ; keccak           ; Ubuntu 15.10 ; 15         ; x86_64         ;
; I/O Assignment Analysis   ; keccak           ; Ubuntu 15.10 ; 15         ; x86_64         ;
; Fitter                    ; keccak           ; Ubuntu 15.10 ; 15         ; x86_64         ;
; Assembler                 ; keccak           ; Ubuntu 15.10 ; 15         ; x86_64         ;
; TimeQuest Timing Analyzer ; keccak           ; Ubuntu 15.10 ; 15         ; x86_64         ;
+---------------------------+------------------+--------------+------------+----------------+


------------
; Flow Log ;
------------
quartus_map --read_settings_files=on --write_settings_files=off leon3mp_quartus -c leon3mp_quartus
quartus_cdb --merge=on leon3mp_quartus
quartus_fit --read_settings_files=off --write_settings_files=off leon3mp_quartus -c leon3mp_quartus
quartus_asm --read_settings_files=off --write_settings_files=off leon3mp_quartus -c leon3mp_quartus
quartus_sta leon3mp_quartus
quartus_map --read_settings_files=on --write_settings_files=off leon3mp_quartus -c leon3mp_quartus
quartus_map --read_settings_files=on --write_settings_files=off leon3mp_quartus -c leon3mp_quartus
quartus_cdb --read_settings_files=off --write_settings_files=off leon3mp_quartus -c leon3mp_quartus --merge=on
quartus_fit --read_settings_files=off --write_settings_files=off leon3mp_quartus -c leon3mp_quartus --plan
quartus_fit --read_settings_files=on --write_settings_files=off leon3mp_quartus -c leon3mp_quartus
quartus_asm --read_settings_files=off --write_settings_files=off leon3mp_quartus -c leon3mp_quartus
quartus_sta leon3mp_quartus -c leon3mp_quartus
quartus_map --read_settings_files=on --write_settings_files=off leon3mp_quartus -c leon3mp_quartus
quartus_cdb --read_settings_files=off --write_settings_files=off leon3mp_quartus -c leon3mp_quartus --merge=on
quartus_fit --read_settings_files=off --write_settings_files=off leon3mp_quartus -c leon3mp_quartus --plan
quartus_fit --read_settings_files=off --write_settings_files=off leon3mp_quartus -c leon3mp_quartus
quartus_asm --read_settings_files=off --write_settings_files=off leon3mp_quartus -c leon3mp_quartus
quartus_sta leon3mp_quartus -c leon3mp_quartus



